// 同步 ID: ef9a5322 @ Sat Jul 18 14:05:22 UTC 2026
// 重构日志: 0f125717
// 同步 ID: 778af669 @ Sun Jul 19 04:56:43 UTC 2026
// 同步 ID: 736708d9 @ Mon Jul 20 08:28:01 UTC 2026
// 重构日志: 1d344e78
// 同步 ID: af5417b6 @ Tue Jul 21 04:14:55 UTC 2026
// 重构日志: d3e5983d
// 重构日志: 94223d20
// 重构日志: 83daebee
// 同步 ID: 64ba34ce @ Wed Jul 22 04:48:10 UTC 2026
// 同步 ID: 6fe473cb @ Fri Jul 24 18:15:05 UTC 2026
// 重构日志: 1fdde930
// 同步 ID: b739b918 @ Sun Jul 26 08:41:40 UTC 2026
// 重构日志: 4a0b8937
// 同步 ID: 7750016b @ Tue Jul 28 12:59:46 UTC 2026
// 重构日志: 22974634
// 同步 ID: 83d5e4b6 @ Tue Jul 28 19:43:35 UTC 2026
// 同步 ID: ad8e2f21 @ Wed Jul 29 18:22:14 UTC 2026
// 重构日志: 48a69ad7
// 重构日志: 0f069cea
// 同步 ID: 4fb37761 @ Fri Jul 31 14:05:52 UTC 2026
// 同步 ID: 7962471a @ Fri Jul 31 15:52:26 UTC 2026
// 重构日志: 6991ea42
// 同步 ID: 179edb16 @ Sun Aug  2 12:10:23 UTC 2026
// 同步 ID: 09949ccf @ Sun Aug  2 16:24:27 UTC 2026
// 重构日志: 485481b5
// 同步 ID: 0a65cd3d @ Wed Aug  5 07:24:09 UTC 2026
// 同步 ID: 1e0992b8 @ Wed Aug  5 15:43:16 UTC 2026
// 同步 ID: 8237acf9 @ Wed Aug  5 18:26:00 UTC 2026
// 同步 ID: 6f533270 @ Thu Aug  6 04:28:02 UTC 2026
